[phantom@GTbook ~]$ git --version
git version 2.52.0
[phantom@GTbook ~]$ cd /home/phantom
[phantom@GTbook ~]$ cd dsa
[phantom@GTbook dsa]$ git init
hint: Using 'master' as the name for the initial branch. This default branch name
hint: will change to "main" in Git 3.0. To configure the initial branch name
hint: to use in all of your new repositories, which will suppress this warning,
hint: call:
hint:
hint: 	git config --global init.defaultBranch <name>
hint:
hint: Names commonly chosen instead of 'master' are 'main', 'trunk' and
hint: 'development'. The just-created branch can be renamed via this command:
hint:
hint: 	git branch -m <name>
hint:
hint: Disable this message with "git config set advice.defaultBranchName false"
Initialized empty Git repository in /home/phantom/dsa/.git/
[phantom@GTbook dsa]$ git remote add origin <https://github.com/niladrikundu24-hash/test_1.git>
bash: syntax error near unexpected token `newline'
[phantom@GTbook dsa]$ git remote add origin https://github.com/niladrikundu24-hash/test_1.git
[phantom@GTbook dsa]$ git config --global init.defaultBranch main
[phantom@GTbook dsa]$ git branch -M main
[phantom@GTbook dsa]$ pwd
/home/phantom/dsa
[phantom@GTbook dsa]$ git branch
[phantom@GTbook dsa]$ git branch -M main
[phantom@GTbook dsa]$ git branch
[phantom@GTbook dsa]$ ls -a
.  ..  comp  complexity.c  .git  nest  nested.c
[phantom@GTbook dsa]$ git status
On branch main

No commits yet

Untracked files:
  (use "git add <file>..." to include in what will be committed)
	comp
	complexity.c
	nest
	nested.c

nothing added to commit but untracked files present (use "git add" to track)
[phantom@GTbook dsa]$ git add *.c
[phantom@GTbook dsa]$ git commit -m Initial DSA practice commit
error: pathspec 'DSA' did not match any file(s) known to git
error: pathspec 'practice' did not match any file(s) known to git
error: pathspec 'commit' did not match any file(s) known to git
[phantom@GTbook dsa]$ git commit -m "Initial DSA practice commit"
Author identity unknown

*** Please tell me who you are.

Run

  git config --global user.email "you@example.com"
  git config --global user.name "Your Name"

to set your account's default identity.
Omit --global to set the identity only in this repository.

fatal: unable to auto-detect email address (got 'phantom@GTbook.(none)')
[phantom@GTbook dsa]$ git config --global user.email "phantomboy866@gmail.com"
[phantom@GTbook dsa]$ git config --global user.name "Phantom"
[phantom@GTbook dsa]$ git config --global --list
init.defaultbranch=main
user.email=phantomboy866@gmail.com
user.name=Phantom
[phantom@GTbook dsa]$ git commit
Aborting commit due to empty commit message.
[phantom@GTbook dsa]$ git commit -m "Initial DSA practice commit"
[main (root-commit) f219d26] Initial DSA practice commit
 2 files changed, 38 insertions(+)
 create mode 100644 complexity.c
 create mode 100644 nested.c
[phantom@GTbook dsa]$ git branch
* main
[phantom@GTbook dsa]$ git status
On branch main
Untracked files:
  (use "git add <file>..." to include in what will be committed)
	comp
	nest

nothing added to commit but untracked files present (use "git add" to track)
[phantom@GTbook dsa]$ git push -u origin main
Username for 'https://github.com': niladrikundu24-hash
Password for 'https://niladrikundu24-hash@github.com':
remote: Invalid username or token. Password authentication is not supported for Git operations.
fatal: Authentication failed for 'https://github.com/niladrikundu24-hash/test_1.git/'
[phantom@GTbook dsa]$ git push -u origin main
Username for 'https://github.com': niladrikundu24-hash
Password for 'https://niladrikundu24-hash@github.com':
remote: Invalid username or token. Password authentication is not supported for Git operations.
fatal: Authentication failed for 'https://github.com/niladrikundu24-hash/test_1.git/'
[phantom@GTbook dsa]$ git push -u origin main
Username for 'https://github.com': niladrikundu24-hash
Password for 'https://niladrikundu24-hash@github.com':
Enumerating objects: 4, done.
Counting objects: 100% (4/4), done.
Delta compression using up to 12 threads
Compressing objects: 100% (4/4), done.
Writing objects: 100% (4/4), 584 bytes | 584.00 KiB/s, done.
Total 4 (delta 0), reused 0 (delta 0), pack-reused 0 (from 0)
To https://github.com/niladrikundu24-hash/test_1.git
 * [new branch]      main -> main
branch 'main' set up to track 'origin/main'.
[phantom@GTbook dsa]$ git config --global credential.helper store
[phantom@GTbook dsa]$ git status
On branch main
Your branch is up to date with 'origin/main'.

Untracked files:
  (use "git add <file>..." to include in what will be committed)
	comp
	nest

nothing added to commit but untracked files present (use "git add" to track)
[phantom@GTbook dsa]$ git status
On branch main
Your branch is up to date with 'origin/main'.

Untracked files:
  (use "git add <file>..." to include in what will be committed)
	comp
	nest

nothing added to commit but untracked files present (use "git add" to track)
[phantom@GTbook dsa]$ kate README.md
[phantom@GTbook dsa]$ git add README.md
[phantom@GTbook dsa]$ git commit -m "commit for README"
[main 93f2f6e] commit for README
 1 file changed, 3 insertions(+)
 create mode 100644 README.md
[phantom@GTbook dsa]$ git status
On branch main
Your branch is ahead of 'origin/main' by 1 commit.
  (use "git push" to publish your local commits)

Untracked files:
  (use "git add <file>..." to include in what will be committed)
	comp
	nest

nothing added to commit but untracked files present (use "git add" to track)
[phantom@GTbook dsa]$ git push
Username for 'https://github.com': niladrikundu24-hash
Password for 'https://niladrikundu24-hash@github.com':
Enumerating objects: 4, done.
Counting objects: 100% (4/4), done.
Delta compression using up to 12 threads
Compressing objects: 100% (3/3), done.
Writing objects: 100% (3/3), 455 bytes | 455.00 KiB/s, done.
Total 3 (delta 0), reused 0 (delta 0), pack-reused 0 (from 0)
To https://github.com/niladrikundu24-hash/test_1.git
   f219d26..93f2f6e  main -> main
[phantom@GTbook dsa]$
